00:19:36 **** Build of configuration Debug for project Interfacing_Project ****
make all 
Building file: ../main.c
Invoking: AVR Compiler
avr-gcc -Wall -g2 -gstabs -O0 -fpack-struct -fshort-enums -ffunction-sections -fdata-sections -std=gnu99 -funsigned-char -funsigned-bitfields -mmcu=atmega32 -DF_CPU=16000000UL -MMD -MP -MF"main.d" -MT"main.o" -c -o "main.o" "../main.c"
In file included from ../main.c:3:
c:/winavr-20100110/lib/gcc/../../avr/include/avr/delay.h:36:2: warning: #warning "This file has been moved to <util/delay.h>."
In file included from c:/winavr-20100110/lib/gcc/../../avr/include/avr/delay.h:37,
                 from ../main.c:3:
c:/winavr-20100110/lib/gcc/../../avr/include/util/delay.h:90:3: warning: #warning "Compiler optimizations disabled; functions from <util/delay.h> won't work as designed"
Finished building: ../main.c
 
Building target: Interfacing_Project.elf
Invoking: AVR C Linker
avr-gcc -Wl,-Map,Interfacing_Project.map -mmcu=atmega32 -o "Interfacing_Project.elf"  ./main.o   
Finished building target: Interfacing_Project.elf
 
Invoking: AVR Create Extended Listing
avr-objdump -h -S Interfacing_Project.elf  >"Interfacing_Project.lss"
Finished building: Interfacing_Project.lss
 
Invoking: Print Size
avr-size --format=avr --mcu=atmega32 Interfacing_Project.elf
AVR Memory Usage
----------------
Device: atmega32

Program:    5356 bytes (16.3% Full)
(.text + .data + .bootloader)

Data:         16 bytes (0.8% Full)
(.data + .bss + .noinit)


Finished building: sizedummy
 
00:55:36 **** Incremental Build of configuration Debug for project Interfacing_Project ****
make all 
Building file: ../main.c
Invoking: AVR Compiler
avr-gcc -Wall -g2 -gstabs -O0 -fpack-struct -fshort-enums -ffunction-sections -fdata-sections -std=gnu99 -funsigned-char -funsigned-bitfields -mmcu=atmega32 -DF_CPU=16000000UL -MMD -MP -MF"main.d" -MT"main.o" -c -o "main.o" "../main.c"
In file included from ../main.c:3:
c:/winavr-20100110/lib/gcc/../../avr/include/avr/delay.h:36:2: warning: #warning "This file has been moved to <util/delay.h>."
In file included from c:/winavr-20100110/lib/gcc/../../avr/include/avr/delay.h:37,
                 from ../main.c:3:
c:/winavr-20100110/lib/gcc/../../avr/include/util/delay.h:90:3: warning: #warning "Compiler optimizations disabled; functions from <util/delay.h> won't work as designed"
Finished building: ../main.c
 
Building target: Interfacing_Project.elf
Invoking: AVR C Linker
avr-gcc -Wl,-Map,Interfacing_Project.map -mmcu=atmega32 -o "Interfacing_Project.elf"  ./main.o   
Finished building target: Interfacing_Project.elf
 
Invoking: AVR Create Extended Listing
avr-objdump -h -S Interfacing_Project.elf  >"Interfacing_Project.lss"
Finished building: Interfacing_Project.lss
 
Invoking: Print Size
avr-size --format=avr --mcu=atmega32 Interfacing_Project.elf
AVR Memory Usage
----------------
Device: atmega32

Program:    5406 bytes (16.5% Full)
(.text + .data + .bootloader)

Data:         16 bytes (0.8% Full)
(.data + .bss + .noinit)


Finished building: sizedummy
 
00:56:07 **** Incremental Build of configuration Debug for project Interfacing_Project ****
make all 
Building file: ../main.c
Invoking: AVR Compiler
avr-gcc -Wall -g2 -gstabs -O0 -fpack-struct -fshort-enums -ffunction-sections -fdata-sections -std=gnu99 -funsigned-char -funsigned-bitfields -mmcu=atmega32 -DF_CPU=16000000UL -MMD -MP -MF"main.d" -MT"main.o" -c -o "main.o" "../main.c"
In file included from ../main.c:3:
c:/winavr-20100110/lib/gcc/../../avr/include/avr/delay.h:36:2: warning: #warning "This file has been moved to <util/delay.h>."
In file included from c:/winavr-20100110/lib/gcc/../../avr/include/avr/delay.h:37,
                 from ../main.c:3:
c:/winavr-20100110/lib/gcc/../../avr/include/util/delay.h:90:3: warning: #warning "Compiler optimizations disabled; functions from <util/delay.h> won't work as designed"
Finished building: ../main.c
 
Building target: Interfacing_Project.elf
Invoking: AVR C Linker
avr-gcc -Wl,-Map,Interfacing_Project.map -mmcu=atmega32 -o "Interfacing_Project.elf"  ./main.o   
Finished building target: Interfacing_Project.elf
 
Invoking: AVR Create Extended Listing
avr-objdump -h -S Interfacing_Project.elf  >"Interfacing_Project.lss"
Finished building: Interfacing_Project.lss
 
Invoking: Print Size
avr-size --format=avr --mcu=atmega32 Interfacing_Project.elf
AVR Memory Usage
----------------
Device: atmega32

Program:    5406 bytes (16.5% Full)
(.text + .data + .bootloader)

Data:         16 bytes (0.8% Full)
(.data + .bss + .noinit)


Finished building: sizedummy
 
09:17:30 **** Incremental Build of configuration Debug for project Interfacing_Project ****
make all 
Building file: ../main.c
Invoking: AVR Compiler
avr-gcc -Wall -g2 -gstabs -O0 -fpack-struct -fshort-enums -ffunction-sections -fdata-sections -std=gnu99 -funsigned-char -funsigned-bitfields -mmcu=atmega32 -DF_CPU=16000000UL -MMD -MP -MF"main.d" -MT"main.o" -c -o "main.o" "../main.c"
In file included from ../main.c:3:
c:/winavr-20100110/lib/gcc/../../avr/include/avr/delay.h:36:2: warning: #warning "This file has been moved to <util/delay.h>."
In file included from c:/winavr-20100110/lib/gcc/../../avr/include/avr/delay.h:37,
                 from ../main.c:3:
c:/winavr-20100110/lib/gcc/../../avr/include/util/delay.h:90:3: warning: #warning "Compiler optimizations disabled; functions from <util/delay.h> won't work as designed"
Finished building: ../main.c
 
Building target: Interfacing_Project.elf
Invoking: AVR C Linker
avr-gcc -Wl,-Map,Interfacing_Project.map -mmcu=atmega32 -o "Interfacing_Project.elf"  ./main.o   
Finished building target: Interfacing_Project.elf
 
Invoking: AVR Create Extended Listing
avr-objdump -h -S Interfacing_Project.elf  >"Interfacing_Project.lss"
Finished building: Interfacing_Project.lss
 
Invoking: Print Size
avr-size --format=avr --mcu=atmega32 Interfacing_Project.elf
AVR Memory Usage
----------------
Device: atmega32

Program:    5400 bytes (16.5% Full)
(.text + .data + .bootloader)

Data:         16 bytes (0.8% Full)
(.data + .bss + .noinit)


Finished building: sizedummy
 
09:20:35 **** Incremental Build of configuration Debug for project Interfacing_Project ****
make all 
Building file: ../main.c
Invoking: AVR Compiler
avr-gcc -Wall -g2 -gstabs -O0 -fpack-struct -fshort-enums -ffunction-sections -fdata-sections -std=gnu99 -funsigned-char -funsigned-bitfields -mmcu=atmega32 -DF_CPU=16000000UL -MMD -MP -MF"main.d" -MT"main.o" -c -o "main.o" "../main.c"
In file included from ../main.c:3:
c:/winavr-20100110/lib/gcc/../../avr/include/avr/delay.h:36:2: warning: #warning "This file has been moved to <util/delay.h>."
In file included from c:/winavr-20100110/lib/gcc/../../avr/include/avr/delay.h:37,
                 from ../main.c:3:
c:/winavr-20100110/lib/gcc/../../avr/include/util/delay.h:90:3: warning: #warning "Compiler optimizations disabled; functions from <util/delay.h> won't work as designed"
Finished building: ../main.c
 
Building target: Interfacing_Project.elf
Invoking: AVR C Linker
avr-gcc -Wl,-Map,Interfacing_Project.map -mmcu=atmega32 -o "Interfacing_Project.elf"  ./main.o   
Finished building target: Interfacing_Project.elf
 
Invoking: AVR Create Extended Listing
avr-objdump -h -S Interfacing_Project.elf  >"Interfacing_Project.lss"
Finished building: Interfacing_Project.lss
 
Invoking: Print Size
avr-size --format=avr --mcu=atmega32 Interfacing_Project.elf
AVR Memory Usage
----------------
Device: atmega32

Program:    5406 bytes (16.5% Full)
(.text + .data + .bootloader)

Data:         16 bytes (0.8% Full)
(.data + .bss + .noinit)


Finished building: sizedummy
 
09:25:27 **** Incremental Build of configuration Debug for project Interfacing_Project ****
make all 
Building file: ../main.c
Invoking: AVR Compiler
avr-gcc -Wall -g2 -gstabs -O0 -fpack-struct -fshort-enums -ffunction-sections -fdata-sections -std=gnu99 -funsigned-char -funsigned-bitfields -mmcu=atmega32 -DF_CPU=16000000UL -MMD -MP -MF"main.d" -MT"main.o" -c -o "main.o" "../main.c"
In file included from ../main.c:3:
c:/winavr-20100110/lib/gcc/../../avr/include/avr/delay.h:36:2: warning: #warning "This file has been moved to <util/delay.h>."
In file included from c:/winavr-20100110/lib/gcc/../../avr/include/avr/delay.h:37,
                 from ../main.c:3:
c:/winavr-20100110/lib/gcc/../../avr/include/util/delay.h:90:3: warning: #warning "Compiler optimizations disabled; functions from <util/delay.h> won't work as designed"
Finished building: ../main.c
 
Building target: Interfacing_Project.elf
Invoking: AVR C Linker
avr-gcc -Wl,-Map,Interfacing_Project.map -mmcu=atmega32 -o "Interfacing_Project.elf"  ./main.o   
Finished building target: Interfacing_Project.elf
 
Invoking: AVR Create Extended Listing
avr-objdump -h -S Interfacing_Project.elf  >"Interfacing_Project.lss"
Finished building: Interfacing_Project.lss
 
Invoking: Print Size
avr-size --format=avr --mcu=atmega32 Interfacing_Project.elf
AVR Memory Usage
----------------
Device: atmega32

Program:    5414 bytes (16.5% Full)
(.text + .data + .bootloader)

Data:         16 bytes (0.8% Full)
(.data + .bss + .noinit)


Finished building: sizedummy
 
09:29:53 **** Incremental Build of configuration Debug for project Interfacing_Project ****
make all 
Building file: ../main.c
Invoking: AVR Compiler
avr-gcc -Wall -g2 -gstabs -O0 -fpack-struct -fshort-enums -ffunction-sections -fdata-sections -std=gnu99 -funsigned-char -funsigned-bitfields -mmcu=atmega32 -DF_CPU=16000000UL -MMD -MP -MF"main.d" -MT"main.o" -c -o "main.o" "../main.c"
In file included from ../main.c:3:
c:/winavr-20100110/lib/gcc/../../avr/include/avr/delay.h:36:2: warning: #warning "This file has been moved to <util/delay.h>."
In file included from c:/winavr-20100110/lib/gcc/../../avr/include/avr/delay.h:37,
                 from ../main.c:3:
c:/winavr-20100110/lib/gcc/../../avr/include/util/delay.h:90:3: warning: #warning "Compiler optimizations disabled; functions from <util/delay.h> won't work as designed"
Finished building: ../main.c
 
Building target: Interfacing_Project.elf
Invoking: AVR C Linker
avr-gcc -Wl,-Map,Interfacing_Project.map -mmcu=atmega32 -o "Interfacing_Project.elf"  ./main.o   
Finished building target: Interfacing_Project.elf
 
Invoking: AVR Create Extended Listing
avr-objdump -h -S Interfacing_Project.elf  >"Interfacing_Project.lss"
Finished building: Interfacing_Project.lss
 
Invoking: Print Size
avr-size --format=avr --mcu=atmega32 Interfacing_Project.elf
AVR Memory Usage
----------------
Device: atmega32

Program:    5400 bytes (16.5% Full)
(.text + .data + .bootloader)

Data:         16 bytes (0.8% Full)
(.data + .bss + .noinit)


Finished building: sizedummy
 
09:51:05 **** Incremental Build of configuration Debug for project Interfacing_Project ****
make all 
Building file: ../main.c
Invoking: AVR Compiler
avr-gcc -Wall -g2 -gstabs -O0 -fpack-struct -fshort-enums -ffunction-sections -fdata-sections -std=gnu99 -funsigned-char -funsigned-bitfields -mmcu=atmega32 -DF_CPU=16000000UL -MMD -MP -MF"main.d" -MT"main.o" -c -o "main.o" "../main.c"
In file included from ../main.c:3:
c:/winavr-20100110/lib/gcc/../../avr/include/avr/delay.h:36:2: warning: #warning "This file has been moved to <util/delay.h>."
In file included from c:/winavr-20100110/lib/gcc/../../avr/include/avr/delay.h:37,
                 from ../main.c:3:
c:/winavr-20100110/lib/gcc/../../avr/include/util/delay.h:90:3: warning: #warning "Compiler optimizations disabled; functions from <util/delay.h> won't work as designed"
Finished building: ../main.c
 
Building target: Interfacing_Project.elf
Invoking: AVR C Linker
avr-gcc -Wl,-Map,Interfacing_Project.map -mmcu=atmega32 -o "Interfacing_Project.elf"  ./main.o   
Finished building target: Interfacing_Project.elf
 
Invoking: AVR Create Extended Listing
avr-objdump -h -S Interfacing_Project.elf  >"Interfacing_Project.lss"
Finished building: Interfacing_Project.lss
 
Invoking: Print Size
avr-size --format=avr --mcu=atmega32 Interfacing_Project.elf
AVR Memory Usage
----------------
Device: atmega32

Program:    5414 bytes (16.5% Full)
(.text + .data + .bootloader)

Data:         16 bytes (0.8% Full)
(.data + .bss + .noinit)


Finished building: sizedummy
 
16:42:59 **** Incremental Build of configuration Debug for project Interfacing_Project ****
make all 
Building file: ../main.c
Invoking: AVR Compiler
avr-gcc -Wall -g2 -gstabs -O0 -fpack-struct -fshort-enums -ffunction-sections -fdata-sections -std=gnu99 -funsigned-char -funsigned-bitfields -mmcu=atmega32 -DF_CPU=16000000UL -MMD -MP -MF"main.d" -MT"main.o" -c -o "main.o" "../main.c"
In file included from ../main.c:3:
c:/winavr-20100110/lib/gcc/../../avr/include/avr/delay.h:36:2: warning: #warning "This file has been moved to <util/delay.h>."
In file included from c:/winavr-20100110/lib/gcc/../../avr/include/avr/delay.h:37,
                 from ../main.c:3:
c:/winavr-20100110/lib/gcc/../../avr/include/util/delay.h:90:3: warning: #warning "Compiler optimizations disabled; functions from <util/delay.h> won't work as designed"
Finished building: ../main.c
 
Building target: Interfacing_Project.elf
Invoking: AVR C Linker
avr-gcc -Wl,-Map,Interfacing_Project.map -mmcu=atmega32 -o "Interfacing_Project.elf"  ./main.o   
Finished building target: Interfacing_Project.elf
 
Invoking: AVR Create Extended Listing
avr-objdump -h -S Interfacing_Project.elf  >"Interfacing_Project.lss"
Finished building: Interfacing_Project.lss
 
Invoking: Print Size
avr-size --format=avr --mcu=atmega32 Interfacing_Project.elf
AVR Memory Usage
----------------
Device: atmega32

Program:    5438 bytes (16.6% Full)
(.text + .data + .bootloader)

Data:         16 bytes (0.8% Full)
(.data + .bss + .noinit)


Finished building: sizedummy
 
16:51:55 **** Incremental Build of configuration Debug for project Interfacing_Project ****
make all 
Building file: ../main.c
Invoking: AVR Compiler
avr-gcc -Wall -g2 -gstabs -O0 -fpack-struct -fshort-enums -ffunction-sections -fdata-sections -std=gnu99 -funsigned-char -funsigned-bitfields -mmcu=atmega32 -DF_CPU=16000000UL -MMD -MP -MF"main.d" -MT"main.o" -c -o "main.o" "../main.c"
In file included from ../main.c:3:
c:/winavr-20100110/lib/gcc/../../avr/include/avr/delay.h:36:2: warning: #warning "This file has been moved to <util/delay.h>."
In file included from c:/winavr-20100110/lib/gcc/../../avr/include/avr/delay.h:37,
                 from ../main.c:3:
c:/winavr-20100110/lib/gcc/../../avr/include/util/delay.h:90:3: warning: #warning "Compiler optimizations disabled; functions from <util/delay.h> won't work as designed"
Finished building: ../main.c
 
Building target: Interfacing_Project.elf
Invoking: AVR C Linker
avr-gcc -Wl,-Map,Interfacing_Project.map -mmcu=atmega32 -o "Interfacing_Project.elf"  ./main.o   
Finished building target: Interfacing_Project.elf
 
Invoking: AVR Create Extended Listing
avr-objdump -h -S Interfacing_Project.elf  >"Interfacing_Project.lss"
Finished building: Interfacing_Project.lss
 
Invoking: Print Size
avr-size --format=avr --mcu=atmega32 Interfacing_Project.elf
AVR Memory Usage
----------------
Device: atmega32

Program:    5438 bytes (16.6% Full)
(.text + .data + .bootloader)

Data:         16 bytes (0.8% Full)
(.data + .bss + .noinit)


Finished building: sizedummy
 
16:54:48 **** Incremental Build of configuration Debug for project Interfacing_Project ****
make all 
Invoking: Print Size
avr-size --format=avr --mcu=atmega32 Interfacing_Project.elf
AVR Memory Usage
----------------
Device: atmega32

Program:    5438 bytes (16.6% Full)
(.text + .data + .bootloader)

Data:         16 bytes (0.8% Full)
(.data + .bss + .noinit)


Finished building: sizedummy
 
16:54:51 **** Incremental Build of configuration Debug for project Interfacing_Project ****
make all 
Invoking: Print Size
avr-size --format=avr --mcu=atmega32 Interfacing_Project.elf
AVR Memory Usage
----------------
Device: atmega32

Program:    5438 bytes (16.6% Full)
(.text + .data + .bootloader)

Data:         16 bytes (0.8% Full)
(.data + .bss + .noinit)


Finished building: sizedummy
 
17:17:01 **** Incremental Build of configuration Debug for project Interfacing_Project ****
make all 
Building file: ../main.c
Invoking: AVR Compiler
avr-gcc -Wall -g2 -gstabs -O0 -fpack-struct -fshort-enums -ffunction-sections -fdata-sections -std=gnu99 -funsigned-char -funsigned-bitfields -mmcu=atmega32 -DF_CPU=16000000UL -MMD -MP -MF"main.d" -MT"main.o" -c -o "main.o" "../main.c"
In file included from ../main.c:3:
c:/winavr-20100110/lib/gcc/../../avr/include/avr/delay.h:36:2: warning: #warning "This file has been moved to <util/delay.h>."
In file included from c:/winavr-20100110/lib/gcc/../../avr/include/avr/delay.h:37,
                 from ../main.c:3:
c:/winavr-20100110/lib/gcc/../../avr/include/util/delay.h:90:3: warning: #warning "Compiler optimizations disabled; functions from <util/delay.h> won't work as designed"
Finished building: ../main.c
 
Building target: Interfacing_Project.elf
Invoking: AVR C Linker
avr-gcc -Wl,-Map,Interfacing_Project.map -mmcu=atmega32 -o "Interfacing_Project.elf"  ./main.o   
Finished building target: Interfacing_Project.elf
 
Invoking: AVR Create Extended Listing
avr-objdump -h -S Interfacing_Project.elf  >"Interfacing_Project.lss"
Finished building: Interfacing_Project.lss
 
Invoking: Print Size
avr-size --format=avr --mcu=atmega32 Interfacing_Project.elf
AVR Memory Usage
----------------
Device: atmega32

Program:    5838 bytes (17.8% Full)
(.text + .data + .bootloader)

Data:         22 bytes (1.1% Full)
(.data + .bss + .noinit)


Finished building: sizedummy
 
17:18:34 **** Incremental Build of configuration Debug for project Interfacing_Project ****
make all 
Building file: ../main.c
Invoking: AVR Compiler
avr-gcc -Wall -g2 -gstabs -O0 -fpack-struct -fshort-enums -ffunction-sections -fdata-sections -std=gnu99 -funsigned-char -funsigned-bitfields -mmcu=atmega32 -DF_CPU=16000000UL -MMD -MP -MF"main.d" -MT"main.o" -c -o "main.o" "../main.c"
In file included from ../main.c:3:
c:/winavr-20100110/lib/gcc/../../avr/include/avr/delay.h:36:2: warning: #warning "This file has been moved to <util/delay.h>."
In file included from c:/winavr-20100110/lib/gcc/../../avr/include/avr/delay.h:37,
                 from ../main.c:3:
c:/winavr-20100110/lib/gcc/../../avr/include/util/delay.h:90:3: warning: #warning "Compiler optimizations disabled; functions from <util/delay.h> won't work as designed"
Finished building: ../main.c
 
Building target: Interfacing_Project.elf
Invoking: AVR C Linker
avr-gcc -Wl,-Map,Interfacing_Project.map -mmcu=atmega32 -o "Interfacing_Project.elf"  ./main.o   
Finished building target: Interfacing_Project.elf
 
Invoking: AVR Create Extended Listing
avr-objdump -h -S Interfacing_Project.elf  >"Interfacing_Project.lss"
Finished building: Interfacing_Project.lss
 
Invoking: Print Size
avr-size --format=avr --mcu=atmega32 Interfacing_Project.elf
AVR Memory Usage
----------------
Device: atmega32

Program:    5572 bytes (17.0% Full)
(.text + .data + .bootloader)

Data:         22 bytes (1.1% Full)
(.data + .bss + .noinit)


Finished building: sizedummy
 
17:24:34 **** Incremental Build of configuration Debug for project Interfacing_Project ****
make all 
Building file: ../main.c
Invoking: AVR Compiler
avr-gcc -Wall -g2 -gstabs -O0 -fpack-struct -fshort-enums -ffunction-sections -fdata-sections -std=gnu99 -funsigned-char -funsigned-bitfields -mmcu=atmega32 -DF_CPU=16000000UL -MMD -MP -MF"main.d" -MT"main.o" -c -o "main.o" "../main.c"
In file included from ../main.c:3:
c:/winavr-20100110/lib/gcc/../../avr/include/avr/delay.h:36:2: warning: #warning "This file has been moved to <util/delay.h>."
In file included from c:/winavr-20100110/lib/gcc/../../avr/include/avr/delay.h:37,
                 from ../main.c:3:
c:/winavr-20100110/lib/gcc/../../avr/include/util/delay.h:90:3: warning: #warning "Compiler optimizations disabled; functions from <util/delay.h> won't work as designed"
../main.c: In function 'main':
../main.c:265: error: invalid type argument of 'unary *' (have 'int')
../main.c:266: error: invalid type argument of 'unary *' (have 'int')
../main.c:269: error: invalid type argument of 'unary *' (have 'int')
../main.c:270: error: invalid type argument of 'unary *' (have 'int')
../main.c:273: error: invalid type argument of 'unary *' (have 'int')
../main.c:274: error: invalid type argument of 'unary *' (have 'int')
make: *** [main.o] Error 1
"make all" terminated with exit code 2. Build might be incomplete.
17:25:03 **** Incremental Build of configuration Debug for project Interfacing_Project ****
make all 
Building file: ../main.c
Invoking: AVR Compiler
avr-gcc -Wall -g2 -gstabs -O0 -fpack-struct -fshort-enums -ffunction-sections -fdata-sections -std=gnu99 -funsigned-char -funsigned-bitfields -mmcu=atmega32 -DF_CPU=16000000UL -MMD -MP -MF"main.d" -MT"main.o" -c -o "main.o" "../main.c"
In file included from ../main.c:3:
c:/winavr-20100110/lib/gcc/../../avr/include/avr/delay.h:36:2: warning: #warning "This file has been moved to <util/delay.h>."
In file included from c:/winavr-20100110/lib/gcc/../../avr/include/avr/delay.h:37,
                 from ../main.c:3:
c:/winavr-20100110/lib/gcc/../../avr/include/util/delay.h:90:3: warning: #warning "Compiler optimizations disabled; functions from <util/delay.h> won't work as designed"
../main.c: In function 'checkButton':
../main.c:184: warning: comparison between pointer and integer
../main.c:205: warning: assignment makes pointer from integer without a cast
../main.c:211: warning: assignment makes pointer from integer without a cast
../main.c: In function 'main':
../main.c:265: error: invalid type argument of 'unary *' (have 'int')
../main.c:266: error: invalid type argument of 'unary *' (have 'int')
../main.c:269: error: invalid type argument of 'unary *' (have 'int')
../main.c:270: error: invalid type argument of 'unary *' (have 'int')
../main.c:273: error: invalid type argument of 'unary *' (have 'int')
../main.c:274: error: invalid type argument of 'unary *' (have 'int')
make: *** [main.o] Error 1
"make all" terminated with exit code 2. Build might be incomplete.
17:25:29 **** Incremental Build of configuration Debug for project Interfacing_Project ****
make all 
Building file: ../main.c
Invoking: AVR Compiler
avr-gcc -Wall -g2 -gstabs -O0 -fpack-struct -fshort-enums -ffunction-sections -fdata-sections -std=gnu99 -funsigned-char -funsigned-bitfields -mmcu=atmega32 -DF_CPU=16000000UL -MMD -MP -MF"main.d" -MT"main.o" -c -o "main.o" "../main.c"
In file included from ../main.c:3:
c:/winavr-20100110/lib/gcc/../../avr/include/avr/delay.h:36:2: warning: #warning "This file has been moved to <util/delay.h>."
In file included from c:/winavr-20100110/lib/gcc/../../avr/include/avr/delay.h:37,
                 from ../main.c:3:
c:/winavr-20100110/lib/gcc/../../avr/include/util/delay.h:90:3: warning: #warning "Compiler optimizations disabled; functions from <util/delay.h> won't work as designed"
Finished building: ../main.c
 
Building target: Interfacing_Project.elf
Invoking: AVR C Linker
avr-gcc -Wl,-Map,Interfacing_Project.map -mmcu=atmega32 -o "Interfacing_Project.elf"  ./main.o   
Finished building target: Interfacing_Project.elf
 
Invoking: AVR Create Extended Listing
avr-objdump -h -S Interfacing_Project.elf  >"Interfacing_Project.lss"
Finished building: Interfacing_Project.lss
 
Invoking: Print Size
avr-size --format=avr --mcu=atmega32 Interfacing_Project.elf
AVR Memory Usage
----------------
Device: atmega32

Program:    5592 bytes (17.1% Full)
(.text + .data + .bootloader)

Data:         22 bytes (1.1% Full)
(.data + .bss + .noinit)


Finished building: sizedummy
 
17:59:58 **** Incremental Build of configuration Debug for project Interfacing_Project ****
make all 
Building file: ../main.c
Invoking: AVR Compiler
avr-gcc -Wall -g2 -gstabs -O0 -fpack-struct -fshort-enums -ffunction-sections -fdata-sections -std=gnu99 -funsigned-char -funsigned-bitfields -mmcu=atmega32 -DF_CPU=16000000UL -MMD -MP -MF"main.d" -MT"main.o" -c -o "main.o" "../main.c"
In file included from ../main.c:3:
c:/winavr-20100110/lib/gcc/../../avr/include/avr/delay.h:36:2: warning: #warning "This file has been moved to <util/delay.h>."
In file included from c:/winavr-20100110/lib/gcc/../../avr/include/avr/delay.h:37,
                 from ../main.c:3:
c:/winavr-20100110/lib/gcc/../../avr/include/util/delay.h:90:3: warning: #warning "Compiler optimizations disabled; functions from <util/delay.h> won't work as designed"
Finished building: ../main.c
 
Building target: Interfacing_Project.elf
Invoking: AVR C Linker
avr-gcc -Wl,-Map,Interfacing_Project.map -mmcu=atmega32 -o "Interfacing_Project.elf"  ./main.o   
Finished building target: Interfacing_Project.elf
 
Invoking: AVR Create Extended Listing
avr-objdump -h -S Interfacing_Project.elf  >"Interfacing_Project.lss"
Finished building: Interfacing_Project.lss
 
Invoking: Print Size
avr-size --format=avr --mcu=atmega32 Interfacing_Project.elf
AVR Memory Usage
----------------
Device: atmega32

Program:    5586 bytes (17.0% Full)
(.text + .data + .bootloader)

Data:         22 bytes (1.1% Full)
(.data + .bss + .noinit)


Finished building: sizedummy
 
18:00:59 **** Incremental Build of configuration Debug for project Interfacing_Project ****
make all 
Building file: ../main.c
Invoking: AVR Compiler
avr-gcc -Wall -g2 -gstabs -O0 -fpack-struct -fshort-enums -ffunction-sections -fdata-sections -std=gnu99 -funsigned-char -funsigned-bitfields -mmcu=atmega32 -DF_CPU=16000000UL -MMD -MP -MF"main.d" -MT"main.o" -c -o "main.o" "../main.c"
In file included from ../main.c:3:
c:/winavr-20100110/lib/gcc/../../avr/include/avr/delay.h:36:2: warning: #warning "This file has been moved to <util/delay.h>."
In file included from c:/winavr-20100110/lib/gcc/../../avr/include/avr/delay.h:37,
                 from ../main.c:3:
c:/winavr-20100110/lib/gcc/../../avr/include/util/delay.h:90:3: warning: #warning "Compiler optimizations disabled; functions from <util/delay.h> won't work as designed"
Finished building: ../main.c
 
Building target: Interfacing_Project.elf
Invoking: AVR C Linker
avr-gcc -Wl,-Map,Interfacing_Project.map -mmcu=atmega32 -o "Interfacing_Project.elf"  ./main.o   
Finished building target: Interfacing_Project.elf
 
Invoking: AVR Create Extended Listing
avr-objdump -h -S Interfacing_Project.elf  >"Interfacing_Project.lss"
Finished building: Interfacing_Project.lss
 
Invoking: Print Size
avr-size --format=avr --mcu=atmega32 Interfacing_Project.elf
AVR Memory Usage
----------------
Device: atmega32

Program:    5592 bytes (17.1% Full)
(.text + .data + .bootloader)

Data:         22 bytes (1.1% Full)
(.data + .bss + .noinit)


Finished building: sizedummy
 
18:01:12 **** Incremental Build of configuration Debug for project Interfacing_Project ****
make all 
Invoking: Print Size
avr-size --format=avr --mcu=atmega32 Interfacing_Project.elf
AVR Memory Usage
----------------
Device: atmega32

Program:    5592 bytes (17.1% Full)
(.text + .data + .bootloader)

Data:         22 bytes (1.1% Full)
(.data + .bss + .noinit)


Finished building: sizedummy
 
18:04:53 **** Incremental Build of configuration Debug for project Interfacing_Project ****
make all 
Building file: ../main.c
Invoking: AVR Compiler
avr-gcc -Wall -g2 -gstabs -O0 -fpack-struct -fshort-enums -ffunction-sections -fdata-sections -std=gnu99 -funsigned-char -funsigned-bitfields -mmcu=atmega32 -DF_CPU=16000000UL -MMD -MP -MF"main.d" -MT"main.o" -c -o "main.o" "../main.c"
In file included from ../main.c:3:
c:/winavr-20100110/lib/gcc/../../avr/include/avr/delay.h:36:2: warning: #warning "This file has been moved to <util/delay.h>."
In file included from c:/winavr-20100110/lib/gcc/../../avr/include/avr/delay.h:37,
                 from ../main.c:3:
c:/winavr-20100110/lib/gcc/../../avr/include/util/delay.h:90:3: warning: #warning "Compiler optimizations disabled; functions from <util/delay.h> won't work as designed"
Finished building: ../main.c
 
Building target: Interfacing_Project.elf
Invoking: AVR C Linker
avr-gcc -Wl,-Map,Interfacing_Project.map -mmcu=atmega32 -o "Interfacing_Project.elf"  ./main.o   
Finished building target: Interfacing_Project.elf
 
Invoking: AVR Create Extended Listing
avr-objdump -h -S Interfacing_Project.elf  >"Interfacing_Project.lss"
Finished building: Interfacing_Project.lss
 
Invoking: Print Size
avr-size --format=avr --mcu=atmega32 Interfacing_Project.elf
AVR Memory Usage
----------------
Device: atmega32

Program:    5620 bytes (17.2% Full)
(.text + .data + .bootloader)

Data:         22 bytes (1.1% Full)
(.data + .bss + .noinit)


Finished building: sizedummy
 
18:18:08 **** Incremental Build of configuration Debug for project Interfacing_Project ****
make all 
Invoking: Print Size
avr-size --format=avr --mcu=atmega32 Interfacing_Project.elf
AVR Memory Usage
----------------
Device: atmega32

Program:    5620 bytes (17.2% Full)
(.text + .data + .bootloader)

Data:         22 bytes (1.1% Full)
(.data + .bss + .noinit)


Finished building: sizedummy
 
18:18:45 **** Incremental Build of configuration Debug for project Interfacing_Project ****
make all 
Building file: ../main.c
Invoking: AVR Compiler
avr-gcc -Wall -g2 -gstabs -O0 -fpack-struct -fshort-enums -ffunction-sections -fdata-sections -std=gnu99 -funsigned-char -funsigned-bitfields -mmcu=atmega32 -DF_CPU=16000000UL -MMD -MP -MF"main.d" -MT"main.o" -c -o "main.o" "../main.c"
In file included from ../main.c:3:
c:/winavr-20100110/lib/gcc/../../avr/include/avr/delay.h:36:2: warning: #warning "This file has been moved to <util/delay.h>."
In file included from c:/winavr-20100110/lib/gcc/../../avr/include/avr/delay.h:37,
                 from ../main.c:3:
c:/winavr-20100110/lib/gcc/../../avr/include/util/delay.h:90:3: warning: #warning "Compiler optimizations disabled; functions from <util/delay.h> won't work as designed"
Finished building: ../main.c
 
Building target: Interfacing_Project.elf
Invoking: AVR C Linker
avr-gcc -Wl,-Map,Interfacing_Project.map -mmcu=atmega32 -o "Interfacing_Project.elf"  ./main.o   
Finished building target: Interfacing_Project.elf
 
Invoking: AVR Create Extended Listing
avr-objdump -h -S Interfacing_Project.elf  >"Interfacing_Project.lss"
Finished building: Interfacing_Project.lss
 
Invoking: Print Size
avr-size --format=avr --mcu=atmega32 Interfacing_Project.elf
AVR Memory Usage
----------------
Device: atmega32

Program:    5606 bytes (17.1% Full)
(.text + .data + .bootloader)

Data:         22 bytes (1.1% Full)
(.data + .bss + .noinit)


Finished building: sizedummy
 
18:22:05 **** Incremental Build of configuration Debug for project Interfacing_Project ****
make all 
Building file: ../main.c
Invoking: AVR Compiler
avr-gcc -Wall -g2 -gstabs -O0 -fpack-struct -fshort-enums -ffunction-sections -fdata-sections -std=gnu99 -funsigned-char -funsigned-bitfields -mmcu=atmega32 -DF_CPU=16000000UL -MMD -MP -MF"main.d" -MT"main.o" -c -o "main.o" "../main.c"
In file included from ../main.c:3:
c:/winavr-20100110/lib/gcc/../../avr/include/avr/delay.h:36:2: warning: #warning "This file has been moved to <util/delay.h>."
In file included from c:/winavr-20100110/lib/gcc/../../avr/include/avr/delay.h:37,
                 from ../main.c:3:
c:/winavr-20100110/lib/gcc/../../avr/include/util/delay.h:90:3: warning: #warning "Compiler optimizations disabled; functions from <util/delay.h> won't work as designed"
Finished building: ../main.c
 
Building target: Interfacing_Project.elf
Invoking: AVR C Linker
avr-gcc -Wl,-Map,Interfacing_Project.map -mmcu=atmega32 -o "Interfacing_Project.elf"  ./main.o   
Finished building target: Interfacing_Project.elf
 
Invoking: AVR Create Extended Listing
avr-objdump -h -S Interfacing_Project.elf  >"Interfacing_Project.lss"
Finished building: Interfacing_Project.lss
 
Invoking: Print Size
avr-size --format=avr --mcu=atmega32 Interfacing_Project.elf
AVR Memory Usage
----------------
Device: atmega32

Program:    5630 bytes (17.2% Full)
(.text + .data + .bootloader)

Data:         22 bytes (1.1% Full)
(.data + .bss + .noinit)


Finished building: sizedummy
 
18:23:31 **** Incremental Build of configuration Debug for project Interfacing_Project ****
make all 
Invoking: Print Size
avr-size --format=avr --mcu=atmega32 Interfacing_Project.elf
AVR Memory Usage
----------------
Device: atmega32

Program:    5630 bytes (17.2% Full)
(.text + .data + .bootloader)

Data:         22 bytes (1.1% Full)
(.data + .bss + .noinit)


Finished building: sizedummy
 
18:25:17 **** Incremental Build of configuration Debug for project Interfacing_Project ****
make all 
Building file: ../main.c
Invoking: AVR Compiler
avr-gcc -Wall -g2 -gstabs -O0 -fpack-struct -fshort-enums -ffunction-sections -fdata-sections -std=gnu99 -funsigned-char -funsigned-bitfields -mmcu=atmega32 -DF_CPU=16000000UL -MMD -MP -MF"main.d" -MT"main.o" -c -o "main.o" "../main.c"
In file included from ../main.c:3:
c:/winavr-20100110/lib/gcc/../../avr/include/avr/delay.h:36:2: warning: #warning "This file has been moved to <util/delay.h>."
In file included from c:/winavr-20100110/lib/gcc/../../avr/include/avr/delay.h:37,
                 from ../main.c:3:
c:/winavr-20100110/lib/gcc/../../avr/include/util/delay.h:90:3: warning: #warning "Compiler optimizations disabled; functions from <util/delay.h> won't work as designed"
Finished building: ../main.c
 
Building target: Interfacing_Project.elf
Invoking: AVR C Linker
avr-gcc -Wl,-Map,Interfacing_Project.map -mmcu=atmega32 -o "Interfacing_Project.elf"  ./main.o   
Finished building target: Interfacing_Project.elf
 
Invoking: AVR Create Extended Listing
avr-objdump -h -S Interfacing_Project.elf  >"Interfacing_Project.lss"
Finished building: Interfacing_Project.lss
 
Invoking: Print Size
avr-size --format=avr --mcu=atmega32 Interfacing_Project.elf
AVR Memory Usage
----------------
Device: atmega32

Program:    5616 bytes (17.1% Full)
(.text + .data + .bootloader)

Data:         22 bytes (1.1% Full)
(.data + .bss + .noinit)


Finished building: sizedummy
 
18:25:25 **** Incremental Build of configuration Debug for project Interfacing_Project ****
make all 
Invoking: Print Size
avr-size --format=avr --mcu=atmega32 Interfacing_Project.elf
AVR Memory Usage
----------------
Device: atmega32

Program:    5616 bytes (17.1% Full)
(.text + .data + .bootloader)

Data:         22 bytes (1.1% Full)
(.data + .bss + .noinit)


Finished building: sizedummy
 
18:26:54 **** Incremental Build of configuration Debug for project Interfacing_Project ****
make all 
Building file: ../main.c
Invoking: AVR Compiler
avr-gcc -Wall -g2 -gstabs -O0 -fpack-struct -fshort-enums -ffunction-sections -fdata-sections -std=gnu99 -funsigned-char -funsigned-bitfields -mmcu=atmega32 -DF_CPU=16000000UL -MMD -MP -MF"main.d" -MT"main.o" -c -o "main.o" "../main.c"
In file included from ../main.c:3:
c:/winavr-20100110/lib/gcc/../../avr/include/avr/delay.h:36:2: warning: #warning "This file has been moved to <util/delay.h>."
In file included from c:/winavr-20100110/lib/gcc/../../avr/include/avr/delay.h:37,
                 from ../main.c:3:
c:/winavr-20100110/lib/gcc/../../avr/include/util/delay.h:90:3: warning: #warning "Compiler optimizations disabled; functions from <util/delay.h> won't work as designed"
Finished building: ../main.c
 
Building target: Interfacing_Project.elf
Invoking: AVR C Linker
avr-gcc -Wl,-Map,Interfacing_Project.map -mmcu=atmega32 -o "Interfacing_Project.elf"  ./main.o   
Finished building target: Interfacing_Project.elf
 
Invoking: AVR Create Extended Listing
avr-objdump -h -S Interfacing_Project.elf  >"Interfacing_Project.lss"
Finished building: Interfacing_Project.lss
 
Invoking: Print Size
avr-size --format=avr --mcu=atmega32 Interfacing_Project.elf
AVR Memory Usage
----------------
Device: atmega32

Program:    5640 bytes (17.2% Full)
(.text + .data + .bootloader)

Data:         24 bytes (1.2% Full)
(.data + .bss + .noinit)


Finished building: sizedummy
 
18:30:02 **** Incremental Build of configuration Debug for project Interfacing_Project ****
make all 
Invoking: Print Size
avr-size --format=avr --mcu=atmega32 Interfacing_Project.elf
AVR Memory Usage
----------------
Device: atmega32

Program:    5640 bytes (17.2% Full)
(.text + .data + .bootloader)

Data:         24 bytes (1.2% Full)
(.data + .bss + .noinit)


Finished building: sizedummy
 
19:13:08 **** Incremental Build of configuration Debug for project Interfacing_Project ****
make all 
Building file: ../main.c
Invoking: AVR Compiler
avr-gcc -Wall -g2 -gstabs -O0 -fpack-struct -fshort-enums -ffunction-sections -fdata-sections -std=gnu99 -funsigned-char -funsigned-bitfields -mmcu=atmega32 -DF_CPU=16000000UL -MMD -MP -MF"main.d" -MT"main.o" -c -o "main.o" "../main.c"
In file included from ../main.c:3:
c:/winavr-20100110/lib/gcc/../../avr/include/avr/delay.h:36:2: warning: #warning "This file has been moved to <util/delay.h>."
In file included from c:/winavr-20100110/lib/gcc/../../avr/include/avr/delay.h:37,
                 from ../main.c:3:
c:/winavr-20100110/lib/gcc/../../avr/include/util/delay.h:90:3: warning: #warning "Compiler optimizations disabled; functions from <util/delay.h> won't work as designed"
Finished building: ../main.c
 
Building target: Interfacing_Project.elf
Invoking: AVR C Linker
avr-gcc -Wl,-Map,Interfacing_Project.map -mmcu=atmega32 -o "Interfacing_Project.elf"  ./main.o   
Finished building target: Interfacing_Project.elf
 
Invoking: AVR Create Extended Listing
avr-objdump -h -S Interfacing_Project.elf  >"Interfacing_Project.lss"
Finished building: Interfacing_Project.lss
 
Invoking: Print Size
avr-size --format=avr --mcu=atmega32 Interfacing_Project.elf
AVR Memory Usage
----------------
Device: atmega32

Program:    5700 bytes (17.4% Full)
(.text + .data + .bootloader)

Data:         24 bytes (1.2% Full)
(.data + .bss + .noinit)


Finished building: sizedummy
 
19:19:38 **** Incremental Build of configuration Debug for project Interfacing_Project ****
make all 
Building file: ../main.c
Invoking: AVR Compiler
avr-gcc -Wall -g2 -gstabs -O0 -fpack-struct -fshort-enums -ffunction-sections -fdata-sections -std=gnu99 -funsigned-char -funsigned-bitfields -mmcu=atmega32 -DF_CPU=16000000UL -MMD -MP -MF"main.d" -MT"main.o" -c -o "main.o" "../main.c"
In file included from ../main.c:3:
c:/winavr-20100110/lib/gcc/../../avr/include/avr/delay.h:36:2: warning: #warning "This file has been moved to <util/delay.h>."
In file included from c:/winavr-20100110/lib/gcc/../../avr/include/avr/delay.h:37,
                 from ../main.c:3:
c:/winavr-20100110/lib/gcc/../../avr/include/util/delay.h:90:3: warning: #warning "Compiler optimizations disabled; functions from <util/delay.h> won't work as designed"
Finished building: ../main.c
 
Building target: Interfacing_Project.elf
Invoking: AVR C Linker
avr-gcc -Wl,-Map,Interfacing_Project.map -mmcu=atmega32 -o "Interfacing_Project.elf"  ./main.o   
Finished building target: Interfacing_Project.elf
 
Invoking: AVR Create Extended Listing
avr-objdump -h -S Interfacing_Project.elf  >"Interfacing_Project.lss"
Finished building: Interfacing_Project.lss
 
Invoking: Print Size
avr-size --format=avr --mcu=atmega32 Interfacing_Project.elf
AVR Memory Usage
----------------
Device: atmega32

Program:    5688 bytes (17.4% Full)
(.text + .data + .bootloader)

Data:         24 bytes (1.2% Full)
(.data + .bss + .noinit)


Finished building: sizedummy
 
19:21:46 **** Incremental Build of configuration Debug for project Interfacing_Project ****
make all 
Building file: ../main.c
Invoking: AVR Compiler
avr-gcc -Wall -g2 -gstabs -O0 -fpack-struct -fshort-enums -ffunction-sections -fdata-sections -std=gnu99 -funsigned-char -funsigned-bitfields -mmcu=atmega32 -DF_CPU=16000000UL -MMD -MP -MF"main.d" -MT"main.o" -c -o "main.o" "../main.c"
In file included from ../main.c:3:
c:/winavr-20100110/lib/gcc/../../avr/include/avr/delay.h:36:2: warning: #warning "This file has been moved to <util/delay.h>."
In file included from c:/winavr-20100110/lib/gcc/../../avr/include/avr/delay.h:37,
                 from ../main.c:3:
c:/winavr-20100110/lib/gcc/../../avr/include/util/delay.h:90:3: warning: #warning "Compiler optimizations disabled; functions from <util/delay.h> won't work as designed"
Finished building: ../main.c
 
Building target: Interfacing_Project.elf
Invoking: AVR C Linker
avr-gcc -Wl,-Map,Interfacing_Project.map -mmcu=atmega32 -o "Interfacing_Project.elf"  ./main.o   
Finished building target: Interfacing_Project.elf
 
Invoking: AVR Create Extended Listing
avr-objdump -h -S Interfacing_Project.elf  >"Interfacing_Project.lss"
Finished building: Interfacing_Project.lss
 
Invoking: Print Size
avr-size --format=avr --mcu=atmega32 Interfacing_Project.elf
AVR Memory Usage
----------------
Device: atmega32

Program:    5688 bytes (17.4% Full)
(.text + .data + .bootloader)

Data:         24 bytes (1.2% Full)
(.data + .bss + .noinit)


Finished building: sizedummy
 
19:23:06 **** Incremental Build of configuration Debug for project Interfacing_Project ****
make all 
Building file: ../main.c
Invoking: AVR Compiler
avr-gcc -Wall -g2 -gstabs -O0 -fpack-struct -fshort-enums -ffunction-sections -fdata-sections -std=gnu99 -funsigned-char -funsigned-bitfields -mmcu=atmega32 -DF_CPU=16000000UL -MMD -MP -MF"main.d" -MT"main.o" -c -o "main.o" "../main.c"
In file included from ../main.c:3:
c:/winavr-20100110/lib/gcc/../../avr/include/avr/delay.h:36:2: warning: #warning "This file has been moved to <util/delay.h>."
In file included from c:/winavr-20100110/lib/gcc/../../avr/include/avr/delay.h:37,
                 from ../main.c:3:
c:/winavr-20100110/lib/gcc/../../avr/include/util/delay.h:90:3: warning: #warning "Compiler optimizations disabled; functions from <util/delay.h> won't work as designed"
Finished building: ../main.c
 
Building target: Interfacing_Project.elf
Invoking: AVR C Linker
avr-gcc -Wl,-Map,Interfacing_Project.map -mmcu=atmega32 -o "Interfacing_Project.elf"  ./main.o   
Finished building target: Interfacing_Project.elf
 
Invoking: AVR Create Extended Listing
avr-objdump -h -S Interfacing_Project.elf  >"Interfacing_Project.lss"
Finished building: Interfacing_Project.lss
 
Invoking: Print Size
avr-size --format=avr --mcu=atmega32 Interfacing_Project.elf
AVR Memory Usage
----------------
Device: atmega32

Program:    5702 bytes (17.4% Full)
(.text + .data + .bootloader)

Data:         24 bytes (1.2% Full)
(.data + .bss + .noinit)


Finished building: sizedummy
 
19:25:06 **** Incremental Build of configuration Debug for project Interfacing_Project ****
make all 
Invoking: Print Size
avr-size --format=avr --mcu=atmega32 Interfacing_Project.elf
AVR Memory Usage
----------------
Device: atmega32

Program:    5702 bytes (17.4% Full)
(.text + .data + .bootloader)

Data:         24 bytes (1.2% Full)
(.data + .bss + .noinit)


Finished building: sizedummy
 
19:26:16 **** Incremental Build of configuration Debug for project Interfacing_Project ****
make all 
Building file: ../main.c
Invoking: AVR Compiler
avr-gcc -Wall -g2 -gstabs -O0 -fpack-struct -fshort-enums -ffunction-sections -fdata-sections -std=gnu99 -funsigned-char -funsigned-bitfields -mmcu=atmega32 -DF_CPU=16000000UL -MMD -MP -MF"main.d" -MT"main.o" -c -o "main.o" "../main.c"
In file included from ../main.c:3:
c:/winavr-20100110/lib/gcc/../../avr/include/avr/delay.h:36:2: warning: #warning "This file has been moved to <util/delay.h>."
In file included from c:/winavr-20100110/lib/gcc/../../avr/include/avr/delay.h:37,
                 from ../main.c:3:
c:/winavr-20100110/lib/gcc/../../avr/include/util/delay.h:90:3: warning: #warning "Compiler optimizations disabled; functions from <util/delay.h> won't work as designed"
Finished building: ../main.c
 
Building target: Interfacing_Project.elf
Invoking: AVR C Linker
avr-gcc -Wl,-Map,Interfacing_Project.map -mmcu=atmega32 -o "Interfacing_Project.elf"  ./main.o   
Finished building target: Interfacing_Project.elf
 
Invoking: AVR Create Extended Listing
avr-objdump -h -S Interfacing_Project.elf  >"Interfacing_Project.lss"
Finished building: Interfacing_Project.lss
 
Invoking: Print Size
avr-size --format=avr --mcu=atmega32 Interfacing_Project.elf
AVR Memory Usage
----------------
Device: atmega32

Program:    5696 bytes (17.4% Full)
(.text + .data + .bootloader)

Data:         24 bytes (1.2% Full)
(.data + .bss + .noinit)


Finished building: sizedummy
 
20:07:59 **** Build of configuration Debug for project Interfacing_Project ****
make all 
Building file: ../.metadata/.plugins/org.eclipse.cdt.make.core/specs.c
Invoking: AVR Compiler
avr-gcc -Wall -g2 -gstabs -O0 -fpack-struct -fshort-enums -ffunction-sections -fdata-sections -std=gnu99 -funsigned-char -funsigned-bitfields -mmcu=atmega32 -DF_CPU=16000000UL -MMD -MP -MF".metadata/.plugins/org.eclipse.cdt.make.core/specs.d" -MT".metadata/.plugins/org.eclipse.cdt.make.core/specs.o" -c -o ".metadata/.plugins/org.eclipse.cdt.make.core/specs.o" "../.metadata/.plugins/org.eclipse.cdt.make.core/specs.c"
Finished building: ../.metadata/.plugins/org.eclipse.cdt.make.core/specs.c
 
Building file: ../main.c
Invoking: AVR Compiler
avr-gcc -Wall -g2 -gstabs -O0 -fpack-struct -fshort-enums -ffunction-sections -fdata-sections -std=gnu99 -funsigned-char -funsigned-bitfields -mmcu=atmega32 -DF_CPU=16000000UL -MMD -MP -MF"main.d" -MT"main.o" -c -o "main.o" "../main.c"
In file included from ../main.c:3:
c:/winavr-20100110/lib/gcc/../../avr/include/avr/delay.h:36:2: warning: #warning "This file has been moved to <util/delay.h>."
In file included from c:/winavr-20100110/lib/gcc/../../avr/include/avr/delay.h:37,
                 from ../main.c:3:
c:/winavr-20100110/lib/gcc/../../avr/include/util/delay.h:90:3: warning: #warning "Compiler optimizations disabled; functions from <util/delay.h> won't work as designed"
Finished building: ../main.c
 
Building target: Interfacing_Project.elf
Invoking: AVR C Linker
avr-gcc -Wl,-Map,Interfacing_Project.map -mmcu=atmega32 -o "Interfacing_Project.elf"  ./.metadata/.plugins/org.eclipse.cdt.make.core/specs.o  ./main.o   
Finished building target: Interfacing_Project.elf
 
Invoking: AVR Create Extended Listing
avr-objdump -h -S Interfacing_Project.elf  >"Interfacing_Project.lss"
Finished building: Interfacing_Project.lss
 
Invoking: Print Size
avr-size --format=avr --mcu=atmega32 Interfacing_Project.elf
AVR Memory Usage
----------------
Device: atmega32

Program:    5696 bytes (17.4% Full)
(.text + .data + .bootloader)

Data:         24 bytes (1.2% Full)
(.data + .bss + .noinit)


Finished building: sizedummy
 
