20:07:59 **** Build of configuration Debug for project Interfacing_Project ****
make all 
Building file: ../.metadata/.plugins/org.eclipse.cdt.make.core/specs.c
Invoking: AVR Compiler
avr-gcc -Wall -g2 -gstabs -O0 -fpack-struct -fshort-enums -ffunction-sections -fdata-sections -std=gnu99 -funsigned-char -funsigned-bitfields -mmcu=atmega32 -DF_CPU=16000000UL -MMD -MP -MF".metadata/.plugins/org.eclipse.cdt.make.core/specs.d" -MT".metadata/.plugins/org.eclipse.cdt.make.core/specs.o" -c -o ".metadata/.plugins/org.eclipse.cdt.make.core/specs.o" "../.metadata/.plugins/org.eclipse.cdt.make.core/specs.c"
Finished building: ../.metadata/.plugins/org.eclipse.cdt.make.core/specs.c
 
Building file: ../main.c
Invoking: AVR Compiler
avr-gcc -Wall -g2 -gstabs -O0 -fpack-struct -fshort-enums -ffunction-sections -fdata-sections -std=gnu99 -funsigned-char -funsigned-bitfields -mmcu=atmega32 -DF_CPU=16000000UL -MMD -MP -MF"main.d" -MT"main.o" -c -o "main.o" "../main.c"
In file included from ../main.c:3:
c:/winavr-20100110/lib/gcc/../../avr/include/avr/delay.h:36:2: warning: #warning "This file has been moved to <util/delay.h>."
In file included from c:/winavr-20100110/lib/gcc/../../avr/include/avr/delay.h:37,
                 from ../main.c:3:
c:/winavr-20100110/lib/gcc/../../avr/include/util/delay.h:90:3: warning: #warning "Compiler optimizations disabled; functions from <util/delay.h> won't work as designed"
Finished building: ../main.c
 
Building target: Interfacing_Project.elf
Invoking: AVR C Linker
avr-gcc -Wl,-Map,Interfacing_Project.map -mmcu=atmega32 -o "Interfacing_Project.elf"  ./.metadata/.plugins/org.eclipse.cdt.make.core/specs.o  ./main.o   
Finished building target: Interfacing_Project.elf
 
Invoking: AVR Create Extended Listing
avr-objdump -h -S Interfacing_Project.elf  >"Interfacing_Project.lss"
Finished building: Interfacing_Project.lss
 
Invoking: Print Size
avr-size --format=avr --mcu=atmega32 Interfacing_Project.elf
AVR Memory Usage
----------------
Device: atmega32

Program:    5696 bytes (17.4% Full)
(.text + .data + .bootloader)

Data:         24 bytes (1.2% Full)
(.data + .bss + .noinit)


Finished building: sizedummy
 

20:07:59 Build Finished. 0 errors, 2 warnings. (took 713ms)

